Bringing machine 'youmoukhS' up with 'virtualbox' provider...
Bringing machine 'youmoukhSW' up with 'virtualbox' provider...
==> youmoukhS: Importing base box 'ubuntu/jammy64'...
[KProgress: 50%[KProgress: 90%[K==> youmoukhS: Matching MAC address for NAT networking...
==> youmoukhS: Checking if box 'ubuntu/jammy64' version '20241002.0.0' is up to date...
==> youmoukhS: Setting the name of the VM: p1_youmoukhS_1788804619541_92783
==> youmoukhS: Fixed port collision for 22 => 2222. Now on port 2201.
==> youmoukhS: Clearing any previously set network interfaces...
==> youmoukhS: Preparing network interfaces based on configuration...
    youmoukhS: Adapter 1: nat
    youmoukhS: Adapter 2: hostonly
==> youmoukhS: Forwarding ports...
    youmoukhS: 22 (guest) => 2201 (host) (adapter 1)
==> youmoukhS: Running 'pre-boot' VM customizations...
==> youmoukhS: Booting VM...
==> youmoukhS: Waiting for machine to boot. This may take a few minutes...
    youmoukhS: SSH address: 127.0.0.1:2201
    youmoukhS: SSH username: vagrant
    youmoukhS: SSH auth method: private key
    youmoukhS: Warning: Connection reset. Retrying...
    youmoukhS: Warning: Remote connection disconnect. Retrying...
    youmoukhS: Warning: Connection reset. Retrying...
    youmoukhS: Warning: Connection reset. Retrying...
    youmoukhS: Warning: Remote connection disconnect. Retrying...
    youmoukhS: Warning: Connection reset. Retrying...
    youmoukhS: 
    youmoukhS: Vagrant insecure key detected. Vagrant will automatically replace
    youmoukhS: this with a newly generated keypair for better security.
    youmoukhS: 
    youmoukhS: Inserting generated public key within guest...
    youmoukhS: Removing insecure key from the guest if it's present...
    youmoukhS: Key inserted! Disconnecting and reconnecting using new SSH key...
==> youmoukhS: Machine booted and ready!
==> youmoukhS: Checking for guest additions in VM...
    youmoukhS: The guest additions on this VM do not match the installed version of
    youmoukhS: VirtualBox! In most cases this is fine, but in rare cases it can
    youmoukhS: prevent things such as shared folders from working properly. If you see
    youmoukhS: shared folder errors, please make sure the guest additions within the
    youmoukhS: virtual machine match the version of VirtualBox you have installed on
    youmoukhS: your host and reload your VM.
    youmoukhS: 
    youmoukhS: Guest Additions Version: 6.0.0 r127566
    youmoukhS: VirtualBox Version: 7.2
==> youmoukhS: Setting hostname...
==> youmoukhS: Configuring and enabling network interfaces...
==> youmoukhS: Mounting shared folders...
    youmoukhS: /home/lyn/Inception-of-Things/p1 => /vagrant
==> youmoukhS: Running provisioner: shell...
    youmoukhS: Running: /tmp/vagrant-shell20260907-63322-x7b5cj.sh
    youmoukhS: === Installing K3s in Server (Controller) mode ===
    youmoukhS: Using network interface: enp0s8
    youmoukhS: Actual changes:
    youmoukhS: tx-checksum-ip-generic: off
    youmoukhS: tx-generic-segmentation: off
    youmoukhS: rx-gro: off
    youmoukhS: tx-tcp-segmentation: off
    youmoukhS: tx-tcp6-segmentation: off
    youmoukhS: rx-checksum: on [requested off]
    youmoukhS: Actual changes:
    youmoukhS: tx-checksum-ip-generic: off
    youmoukhS: tx-generic-segmentation: off
    youmoukhS: rx-gro: off
    youmoukhS: tx-tcp-segmentation: off
    youmoukhS: tx-tcp6-segmentation: off
    youmoukhS: rx-checksum: on [requested off]
    youmoukhS: Created symlink /etc/systemd/system/multi-user.target.wants/disable-nic-offload.service → /etc/systemd/system/disable-nic-offload.service.
    youmoukhS: [INFO]  Finding release for channel stable
    youmoukhS: [INFO]  Using v1.36.4+k3s1 as release
    youmoukhS: [INFO]  Downloading hash https://github.com/k3s-io/k3s/releases/download/v1.36.4%2Bk3s1/sha256sum-amd64.txt
    youmoukhS: [INFO]  Downloading binary https://github.com/k3s-io/k3s/releases/download/v1.36.4%2Bk3s1/k3s
    youmoukhS: [INFO]  Verifying binary download
    youmoukhS: [INFO]  Installing k3s to /usr/local/bin/k3s
    youmoukhS: [INFO]  Skipping installation of SELinux RPM
    youmoukhS: [INFO]  Creating /usr/local/bin/kubectl symlink to k3s
    youmoukhS: [INFO]  Creating /usr/local/bin/crictl symlink to k3s
    youmoukhS: [INFO]  Creating /usr/local/bin/ctr symlink to k3s
    youmoukhS: [INFO]  Creating killall script /usr/local/bin/k3s-killall.sh
    youmoukhS: [INFO]  Creating uninstall script /usr/local/bin/k3s-uninstall.sh
    youmoukhS: [INFO]  env: Creating environment file /etc/systemd/system/k3s.service.env
    youmoukhS: [INFO]  systemd: Creating service file /etc/systemd/system/k3s.service
    youmoukhS: [INFO]  systemd: Enabling k3s unit
    youmoukhS: Created symlink /etc/systemd/system/multi-user.target.wants/k3s.service → /etc/systemd/system/k3s.service.
    youmoukhS: [INFO]  systemd: Starting k3s
    youmoukhS: === Waiting for K3s API at 192.168.56.110:6443 ===
    youmoukhS: === Waiting for the K3s server node to register ===
    youmoukhS: === Verifying K3s installation ===
    youmoukhS: NAME        STATUS   ROLES           AGE   VERSION        INTERNAL-IP      EXTERNAL-IP   OS-IMAGE             KERNEL-VERSION               CONTAINER-RUNTIME
    youmoukhS: youmoukhs   Ready    control-plane   7s    v1.36.4+k3s1   192.168.56.110   <none>        Ubuntu 22.04.5 LTS   5.15.0-190-generic (amd64)   containerd://2.3.4-k3s1.36
    youmoukhS: === K3s Server setup complete ===
==> youmoukhSW: Importing base box 'ubuntu/jammy64'...
[KProgress: 90%[K==> youmoukhSW: Matching MAC address for NAT networking...
==> youmoukhSW: Checking if box 'ubuntu/jammy64' version '20241002.0.0' is up to date...
==> youmoukhSW: Setting the name of the VM: p1_youmoukhSW_1788804863762_13745
==> youmoukhSW: Fixed port collision for 22 => 2222. Now on port 2202.
==> youmoukhSW: Clearing any previously set network interfaces...
==> youmoukhSW: Preparing network interfaces based on configuration...
    youmoukhSW: Adapter 1: nat
    youmoukhSW: Adapter 2: hostonly
==> youmoukhSW: Forwarding ports...
    youmoukhSW: 22 (guest) => 2202 (host) (adapter 1)
==> youmoukhSW: Running 'pre-boot' VM customizations...
==> youmoukhSW: Booting VM...
==> youmoukhSW: Waiting for machine to boot. This may take a few minutes...
    youmoukhSW: SSH address: 127.0.0.1:2202
    youmoukhSW: SSH username: vagrant
    youmoukhSW: SSH auth method: private key
    youmoukhSW: Warning: Connection reset. Retrying...
    youmoukhSW: Warning: Connection reset. Retrying...
    youmoukhSW: Warning: Connection reset. Retrying...
    youmoukhSW: 
    youmoukhSW: Vagrant insecure key detected. Vagrant will automatically replace
    youmoukhSW: this with a newly generated keypair for better security.
    youmoukhSW: 
    youmoukhSW: Inserting generated public key within guest...
    youmoukhSW: Removing insecure key from the guest if it's present...
    youmoukhSW: Key inserted! Disconnecting and reconnecting using new SSH key...
==> youmoukhSW: Machine booted and ready!
==> youmoukhSW: Checking for guest additions in VM...
    youmoukhSW: The guest additions on this VM do not match the installed version of
    youmoukhSW: VirtualBox! In most cases this is fine, but in rare cases it can
    youmoukhSW: prevent things such as shared folders from working properly. If you see
    youmoukhSW: shared folder errors, please make sure the guest additions within the
    youmoukhSW: virtual machine match the version of VirtualBox you have installed on
    youmoukhSW: your host and reload your VM.
    youmoukhSW: 
    youmoukhSW: Guest Additions Version: 6.0.0 r127566
    youmoukhSW: VirtualBox Version: 7.2
==> youmoukhSW: Setting hostname...
==> youmoukhSW: Configuring and enabling network interfaces...
==> youmoukhSW: Mounting shared folders...
    youmoukhSW: /home/lyn/Inception-of-Things/p1 => /vagrant
==> youmoukhSW: Running provisioner: shell...
    youmoukhSW: Running: /tmp/vagrant-shell20260907-63322-sd8lcu.sh
    youmoukhSW: === Installing K3s in Agent (Worker) mode ===
    youmoukhSW: Using network interface: enp0s8
    youmoukhSW: Actual changes:
    youmoukhSW: tx-checksum-ip-generic: off
    youmoukhSW: tx-generic-segmentation: off
    youmoukhSW: rx-gro: off
    youmoukhSW: tx-tcp-segmentation: off
    youmoukhSW: tx-tcp6-segmentation: off
    youmoukhSW: rx-checksum: on [requested off]
    youmoukhSW: Actual changes:
    youmoukhSW: tx-checksum-ip-generic: off
    youmoukhSW: tx-generic-segmentation: off
    youmoukhSW: rx-gro: off
    youmoukhSW: tx-tcp-segmentation: off
    youmoukhSW: tx-tcp6-segmentation: off
    youmoukhSW: rx-checksum: on [requested off]
    youmoukhSW: Created symlink /etc/systemd/system/multi-user.target.wants/disable-nic-offload.service → /etc/systemd/system/disable-nic-offload.service.
    youmoukhSW: === Waiting for K3s server API at 192.168.56.110:6443 ===
    youmoukhSW: [INFO]  Finding release for channel stable
    youmoukhSW: [INFO]  Using v1.36.4+k3s1 as release
    youmoukhSW: [INFO]  Downloading hash https://github.com/k3s-io/k3s/releases/download/v1.36.4%2Bk3s1/sha256sum-amd64.txt
    youmoukhSW: [INFO]  Downloading binary https://github.com/k3s-io/k3s/releases/download/v1.36.4%2Bk3s1/k3s
    youmoukhSW: [INFO]  Verifying binary download
    youmoukhSW: [INFO]  Installing k3s to /usr/local/bin/k3s
    youmoukhSW: [INFO]  Skipping installation of SELinux RPM
    youmoukhSW: [INFO]  Creating /usr/local/bin/kubectl symlink to k3s
    youmoukhSW: [INFO]  Creating /usr/local/bin/crictl symlink to k3s
    youmoukhSW: [INFO]  Creating /usr/local/bin/ctr symlink to k3s
    youmoukhSW: [INFO]  Creating killall script /usr/local/bin/k3s-killall.sh
    youmoukhSW: [INFO]  Creating uninstall script /usr/local/bin/k3s-agent-uninstall.sh
    youmoukhSW: [INFO]  env: Creating environment file /etc/systemd/system/k3s-agent.service.env
    youmoukhSW: [INFO]  systemd: Creating service file /etc/systemd/system/k3s-agent.service
    youmoukhSW: [INFO]  systemd: Enabling k3s-agent unit
    youmoukhSW: Created symlink /etc/systemd/system/multi-user.target.wants/k3s-agent.service → /etc/systemd/system/k3s-agent.service.
    youmoukhSW: [INFO]  systemd: Starting k3s-agent
    youmoukhSW: === K3s Worker setup complete ===
